{
  "version": "1.5.0",
  "plugins_used": [
    {
      "name": "ArtifactoryDetector"
    },
    {
      "name": "AWSKeyDetector"
    },
    {
      "name": "AzureStorageKeyDetector"
    },
    {
      "name": "BasicAuthDetector"
    },
    {
      "name": "CloudantDetector"
    },
    {
      "name": "DiscordBotTokenDetector"
    },
    {
      "name": "GitHubTokenDetector"
    },
    {
      "name": "HexHighEntropyString",
      "limit": 3.0
    },
    {
      "name": "IbmCloudIamDetector"
    },
    {
      "name": "IbmCosHmacDetector"
    },
    {
      "name": "JwtTokenDetector"
    },
    {
      "name": "KeywordDetector",
      "keyword_exclude": ""
    },
    {
      "name": "MailchimpDetector"
    },
    {
      "name": "NpmDetector"
    },
    {
      "name": "OpenAIDetector"
    },
    {
      "name": "PrivateKeyDetector"
    },
    {
      "name": "PypiTokenDetector"
    },
    {
      "name": "SendGridDetector"
    },
    {
      "name": "SlackDetector"
    },
    {
      "name": "SoftlayerDetector"
    },
    {
      "name": "SquareOAuthDetector"
    },
    {
      "name": "StripeDetector"
    },
    {
      "name": "TelegramBotTokenDetector"
    },
    {
      "name": "TwilioKeyDetector"
    }
  ],
  "filters_used": [
    {
      "path": "detect_secrets.filters.allowlist.is_line_allowlisted"
    },
    {
      "path": "detect_secrets.filters.common.is_baseline_file",
      "filename": ".secrets.baseline"
    },
    {
      "path": "detect_secrets.filters.common.is_ignored_due_to_verification_policies",
      "min_level": 2
    },
    {
      "path": "detect_secrets.filters.heuristic.is_indirect_reference"
    },
    {
      "path": "detect_secrets.filters.heuristic.is_likely_id_string"
    },
    {
      "path": "detect_secrets.filters.heuristic.is_lock_file"
    },
    {
      "path": "detect_secrets.filters.heuristic.is_not_alphanumeric_string"
    },
    {
      "path": "detect_secrets.filters.heuristic.is_potential_uuid"
    },
    {
      "path": "detect_secrets.filters.heuristic.is_prefixed_with_dollar_sign"
    },
    {
      "path": "detect_secrets.filters.heuristic.is_sequential_string"
    },
    {
      "path": "detect_secrets.filters.heuristic.is_swagger_file"
    },
    {
      "path": "detect_secrets.filters.heuristic.is_templated_secret"
    },
    {
      "path": "detect_secrets.filters.regex.should_exclude_file",
      "pattern": [
        "(^|/)tests/|(^|/)skills/|(^|/)optional-skills/|(^|/)website/|(^|/)web/|(^|/)docs/|(^|/)\\.pytest_cache/|(^|/)\\.ruff_cache/|(^|/)venv/|(^|/)\\.venv/|(^|/)node_modules/|(^|/)dist/|(^|/)build/|(^|/)\\.git/"
      ]
    }
  ],
  "results": {
    "agent/auxiliary_client.py": [
      {
        "type": "Secret Keyword",
        "filename": "agent/auxiliary_client.py",
        "hashed_secret": "505032eaf8a3acf9b094a326dfb1cd0537c75a0d",
        "is_verified": false,
        "line_number": 1827
      },
      {
        "type": "Secret Keyword",
        "filename": "agent/auxiliary_client.py",
        "hashed_secret": "9510eae3503fce327efcbf0d2d888cb9f0b15de1",
        "is_verified": false,
        "line_number": 3178
      }
    ],
    "agent/credential_pool.py": [
      {
        "type": "Secret Keyword",
        "filename": "agent/credential_pool.py",
        "hashed_secret": "665b1e3851eefefa3fb878654292f16597d25155",
        "is_verified": false,
        "line_number": 55
      }
    ],
    "agent/google_oauth.py": [
      {
        "type": "Secret Keyword",
        "filename": "agent/google_oauth.py",
        "hashed_secret": "9871d70998e752af30f4b50483307b9670f97e08",
        "is_verified": false,
        "line_number": 82
      },
      {
        "type": "Secret Keyword",
        "filename": "agent/google_oauth.py",
        "hashed_secret": "9a3e13beb480280d3e60d811ddc86b78401afb57",
        "is_verified": false,
        "line_number": 90
      }
    ],
    "agent/redact.py": [
      {
        "type": "Secret Keyword",
        "filename": "agent/redact.py",
        "hashed_secret": "f32b67c7e26342af42efabc674d441dca0a281c5",
        "is_verified": false,
        "line_number": 114
      },
      {
        "type": "Private Key",
        "filename": "agent/redact.py",
        "hashed_secret": "be4fc4886bd949b369d5e092eb87494f12e57e5b",
        "is_verified": false,
        "line_number": 133
      },
      {
        "type": "Basic Auth Credentials",
        "filename": "agent/redact.py",
        "hashed_secret": "112bb791304791ddcf692e29fd5cf149b35fea37",
        "is_verified": false,
        "line_number": 138
      },
      {
        "type": "Basic Auth Credentials",
        "filename": "agent/redact.py",
        "hashed_secret": "5baa61e4c9b93f3f0682250b6cf8331b7ee68fd8",
        "is_verified": false,
        "line_number": 171
      },
      {
        "type": "Basic Auth Credentials",
        "filename": "agent/redact.py",
        "hashed_secret": "ee977806d7286510da8b9a7492ba58e2484c0ecc",
        "is_verified": false,
        "line_number": 173
      },
      {
        "type": "Secret Keyword",
        "filename": "agent/redact.py",
        "hashed_secret": "a94a8fe5ccb19ba61c4c0873d391e987982fbbd3",
        "is_verified": false,
        "line_number": 321
      },
      {
        "type": "Basic Auth Credentials",
        "filename": "agent/redact.py",
        "hashed_secret": "9d4e1e23bd5b727046a9e3b4b7db57bd8d6ee684",
        "is_verified": false,
        "line_number": 371
      }
    ],
    "cli-config.yaml.example": [
      {
        "type": "Secret Keyword",
        "filename": "cli-config.yaml.example",
        "hashed_secret": "a8253456364f1bfc7da7ae4a1db5b45d106317a5",
        "is_verified": false,
        "line_number": 45
      },
      {
        "type": "Secret Keyword",
        "filename": "cli-config.yaml.example",
        "hashed_secret": "f3bbbd66a63d4bf1747940578ec3d0103530e21d",
        "is_verified": false,
        "line_number": 165
      },
      {
        "type": "Secret Keyword",
        "filename": "cli-config.yaml.example",
        "hashed_secret": "c30c2b661f287c17694f00405ba79dbbb7331205",
        "is_verified": false,
        "line_number": 286
      }
    ],
    "cli.py": [
      {
        "type": "Secret Keyword",
        "filename": "cli.py",
        "hashed_secret": "8db7f6aad9fc02a7bdcdb8d191101d995201f9f1",
        "is_verified": false,
        "line_number": 532
      },
      {
        "type": "Secret Keyword",
        "filename": "cli.py",
        "hashed_secret": "c48012686f4efde62ee2a6fa27961424c1793f36",
        "is_verified": false,
        "line_number": 577
      },
      {
        "type": "Secret Keyword",
        "filename": "cli.py",
        "hashed_secret": "167eeb2f0438ab07c19e35f6f7926fe49698b98a",
        "is_verified": false,
        "line_number": 583
      },
      {
        "type": "Secret Keyword",
        "filename": "cli.py",
        "hashed_secret": "973d2477d8af11b865a94add2e11a4cd5d1919b7",
        "is_verified": false,
        "line_number": 589
      },
      {
        "type": "Secret Keyword",
        "filename": "cli.py",
        "hashed_secret": "6a7087481b65a934d9f1986d6313216eb1565b87",
        "is_verified": false,
        "line_number": 3949
      }
    ],
    "datagen-config-examples/trajectory_compression.yaml": [
      {
        "type": "Secret Keyword",
        "filename": "datagen-config-examples/trajectory_compression.yaml",
        "hashed_secret": "96133e4265d7a277409c8094e5eff6a41934cf07",
        "is_verified": false,
        "line_number": 51
      }
    ],
    "gateway/platforms/dingtalk.py": [
      {
        "type": "Secret Keyword",
        "filename": "gateway/platforms/dingtalk.py",
        "hashed_secret": "29c32f233d04598b3181c0e27ea0ec7a5c949297",
        "is_verified": false,
        "line_number": 26
      }
    ],
    "gateway/platforms/qqbot/adapter.py": [
      {
        "type": "Secret Keyword",
        "filename": "gateway/platforms/qqbot/adapter.py",
        "hashed_secret": "29c32f233d04598b3181c0e27ea0ec7a5c949297",
        "is_verified": false,
        "line_number": 13
      },
      {
        "type": "Secret Keyword",
        "filename": "gateway/platforms/qqbot/adapter.py",
        "hashed_secret": "687567e4b4bf0d6c7eccdb8f5d47ff35bd8ce552",
        "is_verified": false,
        "line_number": 22
      }
    ],
    "gateway/platforms/wecom.py": [
      {
        "type": "Secret Keyword",
        "filename": "gateway/platforms/wecom.py",
        "hashed_secret": "29c32f233d04598b3181c0e27ea0ec7a5c949297",
        "is_verified": false,
        "line_number": 19
      }
    ],
    "gateway/run.py": [
      {
        "type": "Secret Keyword",
        "filename": "gateway/run.py",
        "hashed_secret": "c48012686f4efde62ee2a6fa27961424c1793f36",
        "is_verified": false,
        "line_number": 496
      },
      {
        "type": "Secret Keyword",
        "filename": "gateway/run.py",
        "hashed_secret": "167eeb2f0438ab07c19e35f6f7926fe49698b98a",
        "is_verified": false,
        "line_number": 502
      },
      {
        "type": "Secret Keyword",
        "filename": "gateway/run.py",
        "hashed_secret": "973d2477d8af11b865a94add2e11a4cd5d1919b7",
        "is_verified": false,
        "line_number": 508
      }
    ],
    "hermes_cli/auth.py": [
      {
        "type": "Secret Keyword",
        "filename": "hermes_cli/auth.py",
        "hashed_secret": "df1040dcb5ddaec45ce2be1fc6772607127b9ba5",
        "is_verified": false,
        "line_number": 4202
      }
    ],
    "hermes_cli/config.py": [
      {
        "type": "Hex High Entropy String",
        "filename": "hermes_cli/config.py",
        "hashed_secret": "90bd1b48e958257948487b90bee080ba5ed00caa",
        "is_verified": false,
        "line_number": 782
      },
      {
        "type": "Secret Keyword",
        "filename": "hermes_cli/config.py",
        "hashed_secret": "665b1e3851eefefa3fb878654292f16597d25155",
        "is_verified": false,
        "line_number": 2837
      },
      {
        "type": "Secret Keyword",
        "filename": "hermes_cli/config.py",
        "hashed_secret": "f04bd039c20a2ddba793ed3e0439ada1f0cf212f",
        "is_verified": false,
        "line_number": 2841
      }
    ],
    "hermes_cli/model_switch.py": [
      {
        "type": "Secret Keyword",
        "filename": "hermes_cli/model_switch.py",
        "hashed_secret": "6a7087481b65a934d9f1986d6313216eb1565b87",
        "is_verified": false,
        "line_number": 906
      }
    ],
    "hermes_cli/runtime_provider.py": [
      {
        "type": "Secret Keyword",
        "filename": "hermes_cli/runtime_provider.py",
        "hashed_secret": "6a7087481b65a934d9f1986d6313216eb1565b87",
        "is_verified": false,
        "line_number": 712
      },
      {
        "type": "Secret Keyword",
        "filename": "hermes_cli/runtime_provider.py",
        "hashed_secret": "9510eae3503fce327efcbf0d2d888cb9f0b15de1",
        "is_verified": false,
        "line_number": 1314
      }
    ],
    "hermes_cli/webhook.py": [
      {
        "type": "Secret Keyword",
        "filename": "hermes_cli/webhook.py",
        "hashed_secret": "8470a4f93d386857d22456649eca952554fca943",
        "is_verified": false,
        "line_number": 96
      }
    ],
    "plugins/platforms/teams/adapter.py": [
      {
        "type": "Secret Keyword",
        "filename": "plugins/platforms/teams/adapter.py",
        "hashed_secret": "29c32f233d04598b3181c0e27ea0ec7a5c949297",
        "is_verified": false,
        "line_number": 18
      }
    ],
    "run_agent.py": [
      {
        "type": "Secret Keyword",
        "filename": "run_agent.py",
        "hashed_secret": "9510eae3503fce327efcbf0d2d888cb9f0b15de1",
        "is_verified": false,
        "line_number": 1578
      }
    ],
    "tools/mcp_oauth.py": [
      {
        "type": "Secret Keyword",
        "filename": "tools/mcp_oauth.py",
        "hashed_secret": "e5e9fa1ba31ecd1ae84f75caaa474f3a663f05f4",
        "is_verified": false,
        "line_number": 29
      }
    ],
    "tools/mixture_of_agents_tool.py": [
      {
        "type": "Secret Keyword",
        "filename": "tools/mixture_of_agents_tool.py",
        "hashed_secret": "a8253456364f1bfc7da7ae4a1db5b45d106317a5",
        "is_verified": false,
        "line_number": 453
      }
    ],
    "tools/terminal_tool.py": [
      {
        "type": "Secret Keyword",
        "filename": "tools/terminal_tool.py",
        "hashed_secret": "8db7f6aad9fc02a7bdcdb8d191101d995201f9f1",
        "is_verified": false,
        "line_number": 855
      }
    ],
    "ui-tui/src/__tests__/gatewayClient.test.ts": [
      {
        "type": "Secret Keyword",
        "filename": "ui-tui/src/__tests__/gatewayClient.test.ts",
        "hashed_secret": "bb278da537f72e3df3473f7cd9bf151551ff3997",
        "is_verified": false,
        "line_number": 294
      },
      {
        "type": "Basic Auth Credentials",
        "filename": "ui-tui/src/__tests__/gatewayClient.test.ts",
        "hashed_secret": "f3bbbd66a63d4bf1747940578ec3d0103530e21d",
        "is_verified": false,
        "line_number": 355
      }
    ],
    "ui-tui/src/gatewayClient.ts": [
      {
        "type": "Basic Auth Credentials",
        "filename": "ui-tui/src/gatewayClient.ts",
        "hashed_secret": "9d4e1e23bd5b727046a9e3b4b7db57bd8d6ee684",
        "is_verified": false,
        "line_number": 84
      }
    ]
  },
  "generated_at": "2026-05-15T21:15:40Z"
}
