============================= test session starts =============================
platform win32 -- Python 3.12.10, pytest-9.0.2, pluggy-1.6.0 -- C:\Users\Simba\AppData\Local\Programs\Python\Python312\python.exe
cachedir: .pytest_cache
rootdir: C:\Users\Simba\Desktop\DEV\Ahermes\ah8
configfile: pyproject.toml
plugins: anyio-4.12.1, asyncio-1.3.0, base-url-2.1.0, playwright-0.7.2, xdist-3.8.0
asyncio: mode=Mode.STRICT, debug=False, asyncio_default_fixture_loop_scope=None, asyncio_default_test_loop_scope=function
created: 20/20 workers
20 workers [37 items]

scheduling tests via LoadScheduling

tests/cron/test_cron_script.py::TestJobScriptField::test_create_job_empty_script_normalized_to_none 
tests/cron/test_cron_script.py::TestRunJobScript::test_successful_script 
tests/cron/test_cron_script.py::TestRunJobScript::test_script_empty_output 
tests/cron/test_cron_script.py::TestJobScriptField::test_update_job_clear_script 
tests/cron/test_cron_script.py::TestBuildJobPromptWithScript::test_script_error_injected 
tests/cron/test_cron_script.py::TestJobScriptField::test_update_job_add_script 
tests/cron/test_cron_script.py::TestJobScriptField::test_create_job_with_script 
tests/cron/test_cron_script.py::TestJobScriptField::test_create_job_without_script 
tests/cron/test_cron_script.py::TestRunJobScript::test_script_not_found 
tests/cron/test_cron_script.py::TestRunJobScript::test_script_timeout 
tests/cron/test_cron_script.py::TestRunJobScript::test_script_json_output 
tests/cron/test_cron_script.py::TestRunJobScript::test_script_relative_path 
tests/cron/test_cron_script.py::TestBuildJobPromptWithScript::test_script_output_injected 
tests/cron/test_cron_script.py::TestCronjobToolScript::test_create_with_script 
tests/cron/test_cron_script.py::TestRunJobScript::test_script_nonzero_exit 
tests/cron/test_cron_script.py::TestBuildJobPromptWithScript::test_no_script_unchanged 
tests/cron/test_cron_script.py::TestBuildJobPromptWithScript::test_script_empty_output_noted 
tests/cron/test_cron_script.py::TestCronjobToolScript::test_update_script 
tests/cron/test_cron_script.py::TestCronjobToolScript::test_list_shows_script 
tests/cron/test_cron_script.py::TestCronjobToolScript::test_clear_script 
[gw2] [  2%] PASSED tests/cron/test_cron_script.py::TestJobScriptField::test_create_job_empty_script_normalized_to_none 
tests/cron/test_cron_script.py::TestScriptPathContainment::test_tilde_path_blocked 
[gw7] [  5%] PASSED tests/cron/test_cron_script.py::TestRunJobScript::test_script_not_found 
tests/cron/test_cron_script.py::TestScriptPathContainment::test_absolute_path_inside_scripts_dir_allowed 
[gw2] [  8%] PASSED tests/cron/test_cron_script.py::TestScriptPathContainment::test_tilde_path_blocked 
[gw13] [ 10%] PASSED tests/cron/test_cron_script.py::TestBuildJobPromptWithScript::test_script_error_injected 
[gw0] [ 13%] PASSED tests/cron/test_cron_script.py::TestJobScriptField::test_create_job_with_script 
tests/cron/test_cron_script.py::TestCronjobToolScriptValidation::test_update_with_absolute_script_rejected 
tests/cron/test_cron_script.py::TestScriptPathContainment::test_absolute_path_outside_scripts_dir_blocked 
[gw3] [ 16%] PASSED tests/cron/test_cron_script.py::TestJobScriptField::test_update_job_add_script 
tests/cron/test_cron_script.py::TestScriptPathContainment::test_tilde_traversal_blocked 
[gw14] [ 18%] PASSED tests/cron/test_cron_script.py::TestBuildJobPromptWithScript::test_no_script_unchanged 
[gw4] [ 21%] PASSED tests/cron/test_cron_script.py::TestJobScriptField::test_update_job_clear_script 
tests/cron/test_cron_script.py::TestCronjobToolScriptValidation::test_update_clear_script_allowed 
[gw1] [ 24%] PASSED tests/cron/test_cron_script.py::TestJobScriptField::test_create_job_without_script 
tests/cron/test_cron_script.py::TestScriptPathContainment::test_relative_traversal_still_blocked 
tests/cron/test_cron_script.py::TestScriptPathContainment::test_absolute_path_tmp_blocked 
[gw0] [ 27%] PASSED tests/cron/test_cron_script.py::TestScriptPathContainment::test_absolute_path_outside_scripts_dir_blocked 
[gw3] [ 29%] PASSED tests/cron/test_cron_script.py::TestScriptPathContainment::test_tilde_traversal_blocked 
[gw16] [ 32%] PASSED tests/cron/test_cron_script.py::TestCronjobToolScript::test_create_with_script 
[gw1] [ 35%] PASSED tests/cron/test_cron_script.py::TestScriptPathContainment::test_absolute_path_tmp_blocked 
tests/cron/test_cron_script.py::TestRunJobEnvVarCleanup::test_env_vars_cleaned_on_early_error 
[gw4] [ 37%] PASSED tests/cron/test_cron_script.py::TestScriptPathContainment::test_relative_traversal_still_blocked 
[gw13] [ 40%] PASSED tests/cron/test_cron_script.py::TestCronjobToolScriptValidation::test_update_with_absolute_script_rejected 
[gw19] [ 43%] PASSED tests/cron/test_cron_script.py::TestCronjobToolScript::test_list_shows_script 
[gw18] [ 45%] PASSED tests/cron/test_cron_script.py::TestCronjobToolScript::test_clear_script 
[gw8] [ 48%] PASSED tests/cron/test_cron_script.py::TestRunJobScript::test_script_nonzero_exit 
[gw17] [ 51%] PASSED tests/cron/test_cron_script.py::TestCronjobToolScript::test_update_script 
tests/cron/test_cron_script.py::TestScriptPathContainment::test_symlink_escape_blocked 
[gw8] [ 54%] SKIPPED tests/cron/test_cron_script.py::TestScriptPathContainment::test_symlink_escape_blocked 
[gw14] [ 56%] PASSED tests/cron/test_cron_script.py::TestCronjobToolScriptValidation::test_update_clear_script_allowed 
[gw9] [ 59%] PASSED tests/cron/test_cron_script.py::TestRunJobScript::test_script_empty_output 
[gw7] [ 62%] PASSED tests/cron/test_cron_script.py::TestScriptPathContainment::test_absolute_path_inside_scripts_dir_allowed 
tests/cron/test_cron_script.py::TestCronjobToolScriptValidation::test_create_with_absolute_script_rejected 
[gw5] [ 64%] PASSED tests/cron/test_cron_script.py::TestRunJobScript::test_successful_script 
[gw12] [ 67%] PASSED tests/cron/test_cron_script.py::TestBuildJobPromptWithScript::test_script_output_injected 
[gw9] [ 70%] PASSED tests/cron/test_cron_script.py::TestCronjobToolScriptValidation::test_create_with_absolute_script_rejected 
[gw6] [ 72%] PASSED tests/cron/test_cron_script.py::TestRunJobScript::test_script_relative_path 
tests/cron/test_cron_script.py::TestCronjobToolScriptValidation::test_create_with_relative_script_allowed 
tests/cron/test_cron_script.py::TestScriptPathContainment::test_relative_path_inside_scripts_dir_allowed 
tests/cron/test_cron_script.py::TestScriptPathContainment::test_subdirectory_inside_scripts_dir_allowed 
[gw15] [ 75%] PASSED tests/cron/test_cron_script.py::TestBuildJobPromptWithScript::test_script_empty_output_noted 
tests/cron/test_cron_script.py::TestCronjobToolScriptValidation::test_windows_absolute_path_rejected 
[gw12] [ 78%] PASSED tests/cron/test_cron_script.py::TestCronjobToolScriptValidation::test_create_with_relative_script_allowed 
[gw15] [ 81%] PASSED tests/cron/test_cron_script.py::TestCronjobToolScriptValidation::test_windows_absolute_path_rejected 
[gw11] [ 83%] PASSED tests/cron/test_cron_script.py::TestRunJobScript::test_script_json_output 
tests/cron/test_cron_script.py::TestCronjobToolScriptValidation::test_create_with_traversal_script_rejected 
[gw11] [ 86%] PASSED tests/cron/test_cron_script.py::TestCronjobToolScriptValidation::test_create_with_traversal_script_rejected 
[gw6] [ 89%] PASSED tests/cron/test_cron_script.py::TestScriptPathContainment::test_subdirectory_inside_scripts_dir_allowed 
[gw5] [ 91%] PASSED tests/cron/test_cron_script.py::TestScriptPathContainment::test_relative_path_inside_scripts_dir_allowed 
[gw16] [ 94%] PASSED tests/cron/test_cron_script.py::TestRunJobEnvVarCleanup::test_env_vars_cleaned_on_early_error 
[gw10] [ 97%] PASSED tests/cron/test_cron_script.py::TestRunJobScript::test_script_timeout 
tests/cron/test_cron_script.py::TestCronjobToolScriptValidation::test_create_with_tilde_script_rejected 
[gw10] [100%] PASSED tests/cron/test_cron_script.py::TestCronjobToolScriptValidation::test_create_with_tilde_script_rejected 

============================== warnings summary ===============================
tests/cron/test_cron_script.py: 20 warnings
  C:\Users\Simba\Desktop\DEV\Ahermes\ah8\tests\conftest.py:89: DeprecationWarning: There is no current event loop
    loop = asyncio.get_event_loop_policy().get_event_loop()

-- Docs: https://docs.pytest.org/en/stable/how-to/capture-warnings.html
================= 36 passed, 1 skipped, 20 warnings in 2.55s ==================
python : Exception ignor
ed in atexit callback: <
function cleanup_numbere
d_dir at 0x000002374F399
BC0>
At line:1 char:1
+ python -m pytest tests
/cron/test_cron_script.p
y -v --tb=short 2>&1 >  
...
+ ~~~~~~~~~~~~~~~~~~~~~~
~~~~~~~~~~~~~~~~~~~~~~~~
~~~~~~~~~~~~~~~~~~~~~~~
    + CategoryInfo      
        : NotSpecified: 
(Exc    eption ignor...0
002374    F399BC0>:Strin
g) [], R    emoteExcepti
on
    + FullyQualifiedErro
rI    d : NativeCommandE
rror
 
Traceback (most recent c
all last):
  File "C:\Users\Simba\A
ppData\Local\Programs\Py
thon\Python312\Lib\site-
packages\_pytest\pathlib
.py", line 374, in clean
up_numbered_dir
    cleanup_dead_symlink
s(root)
  File "C:\Users\Simba\A
ppData\Local\Programs\Py
thon\Python312\Lib\site-
packages\_pytest\pathlib
.py", line 359, in clean
up_dead_symlinks
    if not left_dir.reso
lve().exists():
           ^^^^^^^^^^^^^
^^^^^^^^^^^^^^
  File "C:\Users\Simba\A
ppData\Local\Programs\Py
thon\Python312\Lib\pathl
ib.py", line 860, in exi
sts
    self.stat(follow_sym
links=follow_symlinks)
  File "C:\Users\Simba\A
ppData\Local\Programs\Py
thon\Python312\Lib\pathl
ib.py", line 840, in sta
t
    return os.stat(self,
 follow_symlinks=follow_
symlinks)
           ^^^^^^^^^^^^^
^^^^^^^^^^^^^^^^^^^^^^^^
^^^^^^^^^
PermissionError: [WinErr
or 5] Eri■im engellendi:
 'C:\\Users\\Simba\\AppD
ata\\Local\\Temp\\pytest
-of-Simba\\pytest-curren
t'
